0.000 1 arrives
0.000 1 served by server 1
0.063 2 arrives
0.063 2 served by server 2
0.083 3 arrives
0.083 3 waits to be served by server 1
0.223 4 arrives
0.223 4 waits to be served by server 1
0.313 1 done serving by server 1
0.313 3 served by server 1
2.708 2 done serving by server 2
3.015 3 done serving by server 1
3.015 4 served by server 1
3.278 4 done serving by server 1
[0.755 4 0]
