0.000 1 arrives
0.000 1 served by server 1
0.035 2 arrives
0.035 2 served by server 2
0.046 3 arrives
0.046 3 waits to be served by server 1
0.124 4 arrives
0.124 4 waits to be served by server 2
0.126 5 arrives
0.126 5 leaves
0.313 1 done serving by server 1
0.313 3 served by server 1
2.680 2 done serving by server 2
2.680 4 served by server 2
2.944 4 done serving by server 2
3.015 3 done serving by server 1
[0.706 4 1]
