0.000 1 arrives
0.000 1 leaves
0.035 2 arrives
0.035 2 leaves
0.046 3 arrives
0.046 3 leaves
0.124 4 arrives
0.124 4 leaves
0.126 5 arrives
0.126 5 leaves
[0.000 0 5]
